
> taskmanager_authentication@1.0.0 test
> cross-env NODE_ENV=test NODE_OPTIONS=--experimental-vm-modules jest --runInBand --forceExit

(node:9332) ExperimentalWarning: VM Modules is an experimental feature and might change at any time
(Use `node --trace-warnings ...` to show where the warning was created)
FAIL tests/auth.test.js (11.406 s)
  ΓùÅ Console

    console.log
      [dotenv@17.3.1] injecting env (1) from .env.test -- tip: ΓÜÖ∩╕Å  override existing env vars with { override: true }

      at _log (node_modules/dotenv/lib/main.js:139:11)

  ΓùÅ Auth Routes ΓÇ║ should register a user

    thrown: "Exceeded timeout of 5000 ms for a test.
    Add a timeout value to this test to increase the timeout, if this is a long-running test. See https://jestjs.io/docs/api#testname-fn-timeout."

       6 |   let token;
       7 |
    >  8 |   it("should register a user", async () => {
         |   ^
       9 |     const res = await request(app)
      10 |       .post("/api/auth/register")
      11 |       .send({

      at it (tests/auth.test.js:8:3)
      at describe (tests/auth.test.js:4:1)

  ΓùÅ Auth Routes ΓÇ║ should login user and return token

    thrown: "Exceeded timeout of 5000 ms for a test.
    Add a timeout value to this test to increase the timeout, if this is a long-running test. See https://jestjs.io/docs/api#testname-fn-timeout."

      19 |   });
      20 |
    > 21 |   it("should login user and return token", async () => {
         |   ^
      22 |     const res = await request(app)
      23 |       .post("/api/auth/login")
      24 |       .send({

      at it (tests/auth.test.js:21:3)
      at describe (tests/auth.test.js:4:1)

FAIL tests/tasks.test.js (6.653 s)
  ΓùÅ Console

    console.log
      [dotenv@17.3.1] injecting env (1) from .env.test -- tip: ΓÜÖ∩╕Å  write to custom object with { processEnv: myObject }

      at _log (node_modules/dotenv/lib/main.js:139:11)

  ΓùÅ Task Routes ΓÇ║ should not allow access without token

    thrown: "Exceeded timeout of 5000 ms for a hook.
    Add a timeout value to this test to increase the timeout, if this is a long-running test. See https://jestjs.io/docs/api#testname-fn-timeout."

       5 | let taskId;
       6 |
    >  7 | beforeAll(async () => {
         | ^
       8 |   // Register
       9 |   await request(app)
      10 |     .post("/api/auth/register")

      at beforeAll (tests/tasks.test.js:7:1)

  ΓùÅ Task Routes ΓÇ║ should create a task

    thrown: "Exceeded timeout of 5000 ms for a hook.
    Add a timeout value to this test to increase the timeout, if this is a long-running test. See https://jestjs.io/docs/api#testname-fn-timeout."

       5 | let taskId;
       6 |
    >  7 | beforeAll(async () => {
         | ^
       8 |   // Register
       9 |   await request(app)
      10 |     .post("/api/auth/register")

      at beforeAll (tests/tasks.test.js:7:1)

  ΓùÅ Task Routes ΓÇ║ should get user tasks only

    thrown: "Exceeded timeout of 5000 ms for a hook.
    Add a timeout value to this test to increase the timeout, if this is a long-running test. See https://jestjs.io/docs/api#testname-fn-timeout."

       5 | let taskId;
       6 |
    >  7 | beforeAll(async () => {
         | ^
       8 |   // Register
       9 |   await request(app)
      10 |     .post("/api/auth/register")

      at beforeAll (tests/tasks.test.js:7:1)

Test Suites: 2 failed, 2 total
Tests:       5 failed, 5 total
Snapshots:   0 total
Time:        18.217 s
Ran all test suites.
Force exiting Jest: Have you considered using `--detectOpenHandles` to detect async operations that kept running after all tests finished?
